733353.522106,107242261632060.593750,3566420414125.788574
733418.455163,85522013384321.156250,8698628235626.460938
733526.760829,23820974008832.367188,237667066805.414612
733533.245720,205372684064494.750000,4721030235676.821289
733610.047209,20094125578607.273438,374797169314.750061
733611.198836,6756939.027416,585438.760495
733611.638339,16089422510360.683594,474941136072.800659
733612.449981,17568041.471283,352064.959099
733612.851267,35887144963051.445312,595752621199.300293
733613.591207,12067095154840.228516,205368233855.056732
733725.048064,23493601864802.347656,261854679541.588684
733795.878492,29136842176869.441406,2106024029392.925293
733861.849424,94377628432830.187500,7872456127134.903320
733972.462524,106062821125064.734375,2329344539639.539551
734051.030400,340677110530340.750000,4674280046480.312500
734052.148252,57051679639230.914062,847386073033.813232
734052.789725,37538907135688.625000,1019617212070.089111
734052.876649,79955765124302.375000,5147919221218.212891
734053.106799,305084164451240.812500,1552564830100.060791
734312.768150,95750215009957.187500,2802718757620.224121
734314.620574,173429639412616.031250,1562241527017.120117
734321.648442,31985018168009.507812,489267052731.800598
734361.043424,52823204987058.796875,5666712526468.197266
734435.878910,6528880733431.685547,217581006075.396912
734438.064610,228447246697704.468750,15800385869115.150391
734445.537299,26923409357986.503906,615017345547.457520
734457.881367,7070013603062.418945,452674007996.702087
734468.485435,219945305883905.218750,1988685537936.966797
734475.487329,87660300074828.375000,782855994959.304688
734480.395499,252123969506704.656250,2488638529049.056641
734526.084778,12671967280459.730469,165401591741.695068
734546.088351,115774448082445.359375,19507067829559.246094
734550.795226,13887702871815.742188,259155342116.882782
734557.832924,39042584489058.078125,237707012739.525391
734590.795804,427435455977348.437500,1627612497092.454834
734592.987682,89990281151322.781250,2190166256357.182861
734628.160896,33890737658680.667969,1246517656191.581787
734693.656611,252466899766460.375000,3792597574752.847168
734693.853955,56660053044780.937500,1241546704504.302979
734730.888382,31281130414303.628906,859096361034.429565
734798.720846,47616048826600.851562,3904021498014.323242
734825.015269,41707507113633.914062,559306787334.974365
734838.138583,11853986531392.373047,1442090801264.007812
734843.732043,279272015435783.312500,5582834989844.259766
734851.865771,61224705321881.750000,3658846921648.642090
734885.668277,22013832572570.281250,1222085455897.025635
734928.567356,12416429515843.949219,1395888655051.748047
734950.836167,428405023719865.187500,7035335407387.665039
734951.298784,2564834101312075.000000,14991285795281.390625
735088.950568,42534767506015.687500,507090695096.130493
735089.790862,5371500933860.918945,269924668907.724426
735094.488626,20255592717584.375000,6040435203750.786133
735099.934557,15110172785752.851562,138850486706.063934
735100.267497,4729857.319192,1997124.862730
735100.965637,10811102.443866,440520.302742
735101.600074,4266689427105.747070,525994181316.971252
735101.905846,1071672081184.094482,33447942606.045208
735111.062498,4614945862041.093750,1026684278065.823364
735112.789264,12903992568382.066406,2198919486791.542480
735178.492119,44634292834780.851562,1184404744892.933350
735203.882047,74129661349907.140625,2273334876178.531250
735227.481635,35965785695097.726562,1133018554915.128906
735269.091779,17217058515738.912109,145150769398.410339
735269.541539,153134740046954.968750,3899369526933.337402
735270.072153,9576579819157.792969,156843125092.661346
735270.413400,4276668074265.687988,95860761046.273849
735449.164281,187640125897041.562500,22494320684835.937500
735496.152125,5938868720930.310547,526806806051.921021
735499.509175,16325693689983.542969,403452209498.522034
735534.464836,15056651377691.265625,1162675788713.941406
735627.345905,151987735460225.406250,5585046639106.400391
735666.489037,217990258444312.062500,4181799884724.712402
735666.744141,1697270599487455.250000,96244434188245.640625
735667.257523,25973651937507.503906,466020487679.624939
735767.691973,111304040729156.890625,927391985844.837524
735797.084387,53721120879324.093750,1595834862313.621582
735806.741096,19679166323454.140625,17112318542134.037109
735848.947703,1071669378408.483521,301878695288.850952
735915.245723,327505903099896.812500,14238355266160.093750
736003.123706,4266682670166.718750,623784016098.646118
736014.208800,8513441142225.905273,1888378776099.537842
736019.068536,30286496714787.277344,4519248441388.019531
736035.867117,6720659646935.530273,2087161387550.156006
736058.037403,154200461093020.093750,6515971303426.416992
736129.521301,7754176771761.974609,1289139924994.593994
736129.602204,59092609650694.750000,1493306058674.685791
736138.024865,51132282278197.921875,3816791385709.269043
736150.084917,13540597645473.919922,2663724126978.477539
736150.475573,13493204694456.080078,2112714716647.798584
736162.977501,50080188233313.164062,5486235680848.797852
736180.161872,27782440461404.980469,3455527444075.215332
736188.513377,57539654473149.882812,2032724487593.359863
736216.578193,5186017581899.195312,92371030790.405579
736222.062477,22655368337911.054688,4282678338104.961914
736238.389492,10548816775187.648438,4681427596194.011719
736239.939102,24582276438921.863281,2362923059906.711914
736260.883773,16245357046335.908203,867730279822.922729
736275.775153,13884932616372.191406,3349802826396.792969
736288.907377,97812779444229.265625,1944974736057.294434
736323.050663,312898813081701.312500,12535173224013.876953
736364.764003,21923384583332.773438,2393382599255.601074
736394.349177,104458660068386.203125,3001110707844.999512
736404.082161,6762400185618.536133,388420457970.520752
736439.840872,3047685571848.062500,323247541629.079041
736466.181326,2138342821153.580811,49146008260.751045
736495.867473,171643296617795.406250,10811041113035.707031
736570.849270,8779488697726.691406,199480941382.090790
736590.200579,22061939525491.402344,11217935658061.330078
736604.852655,24774906493455.046875,225523704058.264435
736613.740064,32450858341700.695312,763429854945.030518
736615.192396,3621433963859.884277,4243867861911.403320
736641.182706,118892554900556.140625,1743633478414.145996
736718.580322,945337620157.782593,26598010481.609539
736742.229897,63872615065013.023438,864506406834.916382
736769.163147,28272575503694.039062,3400871120006.527832
736799.767819,2138346875316.997803,39785664985.517563
736816.708730,11235375987509.013672,223034758991.281281
736832.792407,5371499582473.114258,212256305680.666748
736882.379069,4266686048636.232910,65117047986.903572
736882.619735,1698535642794.192627,25969507566.248081
736897.117079,8513443169307.612305,22803861966149.546875
736903.444650,526189278605103.312500,7314618583301.463867
736905.588127,2692122542998.617676,7157552600.314569
736905.959326,5117930532253.202148,2620100916000.471191
736951.711461,7665774236826.301758,724895908604.423706
736996.014549,14129294687957.474609,199448930806.468140
737066.310750,41528448243818.242188,2219981202719.918945
737079.460729,60791129076835.281250,4718587020741.076172
737116.739317,22012309060119.253906,14707555424435.347656
737220.396412,7070016305838.028320,897020454331.445068
737241.305235,24824920260722.347656,8530900601412.958008
737254.512676,227375584076235.031250,32160620241516.128906
737267.731628,25846550195495.242188,10096308516567.316406
737268.567325,122827103000143.609375,4536829715695.432617
737293.155813,8513442493613.709961,2526244036775.087891
737308.656212,3487498831452.576172,88298561152.596024
737313.736399,1403931897505.649658,849152394564.065430
737319.620132,7663718143978.250977,279018864059.566650
737324.962899,3487509642555.021484,45583395863.487404
737340.869878,3836855490355.077148,155076678264.607056
737359.250309,16974354672739.843750,2139175117527.526611
737377.345310,177937893194364.250000,3355735842235.162109
737394.866712,29615445412165.554688,1541534428763.381592
737424.786094,21253814290829.609375,272869614605.822937
737449.797144,24211112757077.796875,37343617221903.664062
737459.769273,35252533552630.703125,252878545123.113373
737463.459414,5371495528309.700195,170840038290.948273
737503.988503,16892347.568541,546000.567937
737513.900854,4266684021554.524414,290976407078.611877
737525.919021,320464873684672.125000,10507045019033.345703
737543.990631,24211110054302.187500,479001088378.083740
737574.683472,150063093511581.906250,17864653989474.035156
737575.745162,188486843969941.156250,9105644636229.041016
737607.030722,8580129815531.741211,1248624261353.356934
737607.577878,537089471598.335510,107274859576.599884
737669.857464,1698527534467.358643,101881087724.913452
737673.671550,83125498001449.640625,3224001215311.561035
737683.136911,3389106162560.618652,337168577418.111023
737692.399640,32158141373758.703125,325641072458.102722
737698.349428,2662227707775.493164,50218077873.739693
737720.927745,154450381132606.312500,2146187469684.831787
737745.848834,2692036054179.055176,162660788128.712372
737746.078712,5371494852615.797852,1223575142101.236816
737747.799229,2698331615721.172852,292343621422.962280
737752.943781,19231349204847.625000,782716695226.035278
737758.421484,4041196794335.370117,330478136847.263306
737762.101168,21385782087159.066406,781168222980.196289
737768.162860,10717912792479.035156,3379268352164.739746
737780.315639,2138334712826.746826,114145980731.227798
737784.075299,47727168395633.007812,709732849679.712891
737826.622189,797265883713807.750000,16427181669927.367188
737849.105292,16987132296356.796875,2902956252447.753906
737866.913803,34986930805066.718750,380796315141.951477
737867.540076,2692046865281.500488,72526070550.536682
737877.983498,6762388698822.196289,730674093038.279663
737882.703112,1698519426140.524658,49495466557.447144
737911.412300,39266446391457.226562,1925927234271.979736
737917.428449,5384065351419.079102,163318463771.281555
737918.909619,1698520777528.330322,627532317200.772949
737922.911899,5371495528309.700195,382539741235.422119
737931.463322,47038239411851.976562,355631850588.798523
737953.057535,676165546659.164673,48297539142.700935
737953.667755,102702482808655.187500,626680460365.951904
737966.877708,15275826462578.589844,666581516143.834595
737979.356979,50295523841691.328125,625306969539.979126
737987.339461,6405014680217.851562,692309281804.937378
737992.293113,119238366384642.093750,2944157194682.520996
737995.841562,3047683544766.354004,496904920818.876282
738012.725486,117909330873151.734375,2217799883853.334473
738016.120451,36586982187469.250000,63629543134302.617188
738020.554954,149404727102694.437500,7538712989161.098633
738031.097604,5965201420613.336914,200600877936.851013
738041.576655,70556550628864.437500,4437984088566.447266
738058.966185,28272574152306.234375,2499417183932.315430
738068.243297,29899227959242.289062,416878599241.486816
738068.420292,55138961165505.890625,330012036965.449707
738070.786957,23809190451524.218750,1467438550054.630127
738078.750598,1349168848483.149170,1121192880084.546631
738109.314278,32262957407547.582031,3704837215192.705566
738110.584725,20255593393278.277344,409686702052.935181
738115.982715,44810038081563.664062,2875818053666.465820
738117.710810,5371498906779.211914,2295512347078.821289
738128.317875,4266683345860.621582,465795126176.232910
738128.913619,4266681318778.913086,2952720701358.362305
738130.518469,1698519426140.524658,100842237508.981293
738131.913968,15631537380201.117188,3278197272807.517578
738148.623698,22074755857976.230469,109667338858.694336
738153.052832,5527438172611.752930,259341797744.794769
738156.164981,441599060870183.750000,22222547763902.203125
738156.561657,55671302637234.195312,273593702742.125854
738160.949396,3836873058396.550781,105995848490.067612
738163.617720,12162490.249350,871758.948574
738189.866659,74394046079641.890625,468132434690.981018
738191.013969,2692033351403.443848,516374679502.382812
738207.881356,486918198046734.375000,3686400410917.902344
738234.226803,2692040108342.472168,246749780542.878418
738246.610890,24211119514016.820312,311370337035.028625
738259.892632,1698534291406.386963,52567213631.678635
738269.160719,30312514844853.218750,1898883794010.396484
738271.726844,67631654678044.062500,7345943691910.320312
738282.334868,115174080760495.015625,4050908533873.030762
738290.525546,25652474217040.414062,271493059690.064301
738305.497839,6762393428679.512695,486794969913.729736
738308.410753,6599116335040.964844,242317612479.510162
738315.750762,32103705690740.539062,887414696358.342773
738321.563179,5371496204003.602539,8854114631957.005859
738325.112686,2702775.610967,4158116.324564
738327.526267,2692032675709.541016,35030462681.479607
738333.344666,85144197228064.781250,610330792792.087769
738343.851050,10717909414009.523438,33319929463430.839844
738350.642715,13493203343068.275391,4773538588274.738281
738351.308127,24698683917942.742188,298913010739.308960
738360.618079,21385778032995.652344,1387785724362.962402
738369.028090,29899223905078.875000,4778778469178.738281
738374.385624,139542412672863.796875,2976693131985.337402
738376.667674,33894957620086.531250,852453140952.549316
738384.259150,104293268633333.015625,8092067901953.744141
738386.728291,33894956268698.726562,1457325248942.596436
738388.967638,72462018012416.937500,1035788227069.251709
738392.310750,9097054788560.316406,320093412771.698669
738392.978793,15663174639272.181641,673829840874.180786
738393.119757,219479163127246.968750,5221343244777.989258
738396.196866,2138334712826.746826,324974876432.560669
738399.147338,1349172902646.566162,35165236404.414238
738400.287278,146152196336090.406250,5710557310940.050781
738408.540297,537089471598.335571,953413274390.685913
738414.093419,851255294719.416748,37892512666.558128
738416.800512,2692032675709.541016,111502112794.558685
738417.724723,2138342145459.677979,59439670458.606850
738418.834617,851253943331.611328,81642002711.016708
738419.729804,107191418756366.578125,8422584036338.457031
738422.147098,1349172902646.566162,82375469727.163956
738426.530319,4054163.416450,245955.312534
738439.814880,253326970049628.062500,9610279570320.648438
738444.071772,537091498680.043884,34891175461.971016
738447.861056,26498645557127.304688,365297016235.342957
738452.712823,3389107513948.424316,237387872825.613586
738468.953517,1922919943270.582520,166438539912.340576
738474.090282,8063530906794.849609,447104567587.271912
738481.201208,26262127222708.417969,125191882784.645828
738481.822645,5965199393531.629883,1464451572321.172852
738485.613446,6436793761490.384766,764313531598.845459
738486.712865,134114834195598.250000,3382040950964.372559
738495.344670,92723950367016.359375,4470778699146.583984
738503.159234,20376241161693.023438,2021786785169.403320
738506.774735,88007898542512.750000,1088533068660.741211
738506.993397,8533363313251.725586,519061027399.492859
738513.125652,130304614427020.843750,22408360433454.523438
738518.933293,106533812776479.703125,4056885485175.688477
738535.087919,109355313363612.125000,2335404450768.717285
738548.573682,13027287739506.544922,298745323607.767212
738550.087508,26923410033680.406250,811801900391.042603
738551.129627,43744409911825.640625,296780184360.980164
738553.432913,851251916249.903198,49224281810.806923
738556.639786,7314380404505.018555,135122024707.124222
738564.146726,10717924279275.375000,403586959390.652161
738569.481956,349909587182104.500000,6220614883237.413086
738572.587454,2692034027097.346680,443376451095.625305
738577.805168,2138335388520.649658,602630939758.897095
738611.075979,161127969113184.687500,16574109643627.396484
738628.230083,31111647816520.816406,2407401155241.967285
738631.656659,6528880057737.783203,225951897086.308502
738639.115463,15275827813966.394531,363869017528.780884
738639.989888,10898933025227.550781,3595030090790.055664
738640.982851,10717909414009.523438,2741153377478.863770
738644.832771,153271128867567.468750,653984719532.672607
738659.496667,4266690102799.649902,276190967344.687805
738668.458491,4041196794335.370605,1436444360490.729248
738710.175855,15191721417820.994141,664506295533.707153
738713.142198,33894957620086.531250,1090162131174.016968
738713.248307,120684618045271.421875,64942398304351.265625
738721.111604,5087624237313.335938,772217183506.984009
738722.478723,71898333969741.265625,25110010974038.671875
738723.003707,6405013328830.046875,392063660531.783813
738732.661193,426766187781145.437500,59300535383716.609375
738734.121606,16185233316002.205078,1931796310884.973633
738734.414934,85144195876676.968750,3090159550114.439941
738750.770809,2420833497034.313477,33819183205.740520
738754.490412,180416966592487.468750,575437650503.411255
738762.879352,1349166821401.440674,249537638431.510254
738763.878596,8513441142225.905273,1391464091537.474121
738766.434793,40416609998279.187500,3064572984579.516113
738766.999881,188599839559730.906250,900560293811.116089
738770.098905,2138333361438.941162,462342342461.262207
738784.499035,54703938049285.273438,2755865901236.266113
738786.709992,211995347128977.281250,2205413234795.687012
738794.384281,1349176956809.983154,25810042552.780888
738795.616170,18373694868267.343750,259796788588.803558
738797.934722,10717910089703.425781,1141620109542.698730
738798.881942,5615849491568.155273,315320015265.380127
738799.770150,2692032675709.541016,72991079890.977676
738801.098737,6081148973678.692383,171469025201.664520
738801.864476,165058270789388.875000,3656990601199.119629
738807.829861,1349167497095.343506,208258424992.235352
738812.724652,2374699838065.552734,65391706971.331047
738817.246860,5371503636636.528320,196422610279.953400
738818.492037,21385780735771.261719,1136131432895.196045
738822.110998,8513443845001.514648,401167542222.928101
738827.665067,20255589339114.863281,6290555735490.968750
738835.224017,53721115473772.843750,4175757119744.062500
738838.671778,71078286464577.218750,324227742544.789246
738845.773225,10717910089703.425781,1304675607366.282471
738849.482725,44612860277157.046875,1251354126265.773926
738853.875340,1698520101834.427490,547909704410.071167
738857.833738,31552001639364.042969,627567491833.646362
738859.152914,213882391544269.250000,5448076218382.454102
738861.308843,1698520101834.427490,212270788362.387482
738861.876611,6762388698822.196289,2208727951522.369141
738881.622337,16185234667390.009766,462677632632.664795
738887.315579,42408389978291.710938,2698306879541.661133
738887.800291,67631656029431.875000,11680769701252.419922
738888.172191,6762390725903.903320,135446469325.036270
738896.665002,5095590036034.979492,92748271458.408386
738900.465502,10151494861382.814453,832772340603.627563
738903.848059,265670683059837.093750,1543550012455.629395
738908.313162,13493206721537.787109,485483569217.381653
738913.765532,4738271632574.251953,177098547406.224335
738925.659913,53693245309768.328125,1312739789419.989746
738926.982250,16987132296356.796875,16333781613307.136719
738933.395936,232891727658860.187500,29227156829279.015625
738941.265205,2692034027097.346680,753016506084.155396
738945.020561,3378469.513708,40657.100341
738953.578369,1349166821401.440674,294042904334.228088
738954.893184,21385782762852.968750,1807503822564.202393
738960.130411,4266681318778.913086,5029486582137.906250
738961.560809,127226277166205.843750,689641846153.348633
738961.974888,6720671133731.870117,845722041876.067627
738964.849910,16987132296356.796875,2087298653894.631836
738965.290778,172582895001378.625000,6230429427107.130859
738988.612113,4738273659655.958984,62747510301.626289
738989.599986,92654015982404.859375,12004407161847.218750
738992.046660,53721118176548.468750,970600466592.139404
738993.791771,3307278276147.344727,60280292920.730087
738997.575100,1349167497095.343506,102403604648.941772
738999.136902,3809176236270.358887,61126123163.547211
738999.664177,4266685372942.330078,273359446592.787079
739009.809896,138336667001299.125000,7726866503007.759766
739010.965334,1698522128916.135986,62399784898.198486
739018.449295,1071681540898.732300,12698400861.187239
739018.688159,3969905429077.786621,113215611592.535965
739023.882250,1349168848483.149170,203648125718.294739
739027.801117,91842763380958.437500,4239875224687.489258
739028.923558,2138334712826.746826,444714334930.118591
739031.340069,2138334712826.746826,64178921849.831993
739038.412975,2420838902585.536133,34508644153.404617
739041.955574,5965200744919.434570,7519160970267.528320
739058.750569,47727357219195.601562,7132357301306.458008
739060.037439,169890863677056.875000,4681263750663.753906
739067.190936,2692037405566.860840,212725201084.731354
739069.133220,1071669378408.483521,342568794955.265381
739071.863462,21385778032995.652344,1348126374299.474854
739074.338060,301968125175953.125000,12197446839564.271484
739077.110906,2692035378485.152344,272381321211.321991
739080.344450,11408769080622.210938,558796854787.289673
739088.041817,3723851794201.130859,300189581824.355530
739094.555825,21385777357301.750000,5662606508441.545898
739106.873016,1349167497095.343506,3929614517872.525879
739108.634060,12929619734121.761719,257348543365.397491
739108.714876,8281558927309.300781,430919726140.442261
739114.611425,21922866828900.085938,602442065682.662964
739118.358804,4266682670166.718750,715886369693.812744
739121.397414,2138338091296.260986,159915600045.399658
739128.217311,5371495528309.700195,537687240472.916260
739128.785947,4266682670166.718750,631166081903.044922
739135.637175,233381577788525.562500,2408230087912.411133
739137.042898,1698522128916.135986,141406032446.943451
739137.407833,7673719764730.875000,395824608584.153076
739147.546681,40874958651288.078125,5059825705136.531250
739147.932521,64872351368633.078125,1354375962954.427979
739158.507046,278278749816405.250000,2842866750869.822754
739162.949624,46938386714597.539062,10840274240988.402344
739163.423455,7655801670911.478516,175123179662.481293
739163.774381,13409942765412.964844,3203011705962.207031
739169.314854,1698524831691.747314,80562442609.885376
739169.454160,1071687622143.856689,16287458455.675440
739174.584631,1688038286253.637939,423952687230.439697
739179.616904,335605651772530.000000,3785666580566.512207
739193.399528,8900732871363.574219,2030585432365.192627
739194.964519,443753361294828.500000,4121675853429.262207
739196.101564,3389112243805.744141,1714559298444.191406
739214.213101,4266682670166.718750,410850524906.935974
739216.436780,7082587480335.210938,646910102468.250854
739218.361997,5087631669946.261719,239812946704.813812
739219.776760,2349552267185.271973,138453286493.834839
739222.174130,88533296633686.343750,2413228142752.907227
739239.681304,1349167497095.343506,478994358348.490906
739247.622670,2138345523929.192139,94069016546.880234
739249.532065,1349170199870.954834,225739573755.349976
739249.710815,616146090079583.500000,11392180636886.066406
739280.776179,270575417467497.281250,4595760813548.374023
739300.700970,64632618997803.718750,323225046489.015808
739300.979453,22358623770503.082031,9561777743372.089844
739301.240279,6762414375190.485352,84357948851.877457
739311.427152,49359255347714.984375,374278731885.683899
739311.555877,3389112243805.744141,128667890596.574554
739314.340777,3389107513948.424316,279360422364.620300
739315.099334,18147986189930.824219,208075360725.721436
739321.139958,2692048216669.306152,358064487552.042419
739326.419569,6958713994488.451172,2640878051431.903809
739326.543341,3389112243805.744141,332700808084.741577
739326.582022,25662448134343.046875,1611794077732.635498
739328.132199,2138333361438.941162,720786520755.810303
739336.016751,79241607029217.968750,4380813064919.168457
739341.181493,17838392320933.523438,312990858409.339172
739348.541531,6799787232835.255859,153627003856.388062
739352.287578,102377858808829.328125,4674076662176.404297
739356.667027,3397036825199.340820,83729289587.834961
739364.586728,21385780735771.261719,5877905997907.366211
739371.572023,826103992052675.750000,6772732052723.105469
739371.754433,1071669378408.483521,35088765532.708603
739389.635258,3543283916265.542480,330941839064.406250
739393.969249,68168748203805.843750,22144693335678.859375
739401.507376,23209879740916.394531,5583772146905.377930
739403.198012,10305668560924.320312,364179348538.708191
739408.692073,2138337415602.358154,50543746094.092949
739414.408345,7834064834169.702148,654566062646.916504
739423.011738,2138335388520.649658,1066501446048.808228
739428.913280,8513446547777.124023,2173645936489.583496
739432.552705,30090322414390.878906,3723281808727.869629
739448.521944,93207727459165.765625,5117086309174.223633
739452.193595,81124858021112.343750,8809939373238.849609
739452.676877,5535372889413.888672,222438130949.859344
739468.610289,11029074071764.521484,975161287741.475220
739480.229644,2692038081260.763672,48318012793.647736
739482.306374,1349166821401.440674,826864277478.907593
739483.557042,1886253590224.165039,986706322549.038452
739489.719922,1071679513817.024170,181486790925.867920
739492.144918,851260024576.735718,62256949462.391815
739494.243885,16987130944968.992188,8199741425377.821289
739497.794682,66690512584763.523438,6959010008844.891602
739504.347992,2138340794071.872314,116287907092.807434
739512.918668,77613966327996.859375,2797571777251.453613
739516.210564,8040255370945.314453,712788599715.502563
739520.922513,3229119444532.265625,8727351467792.209961
739521.254484,1349172902646.566162,169175283946.867767
739523.403477,10717909414009.523438,5665855206118.232422
739523.518369,14904042245922.144531,2035144615335.921875
739526.529725,31190088649683.707031,5376056632495.324219
739527.768885,11649612049590.566406,621699477051.037354
739529.617928,3086868922315.598633,102872770419.905869
739534.101683,2138335388520.649658,204821397506.191620
739537.947076,7834061455700.190430,334574479481.955139
739538.296995,37769823694292.906250,1130381794774.532715
739540.787198,16987155945643.378906,134622818249.637131
739542.743378,6762397482842.926758,79129387852.857880
739547.170093,8513448574858.831055,1394504281817.117676
739556.915479,5338364886759.343750,380948972372.584717
739559.289363,72440116115422.687500,3239236074973.683105
739571.452211,5371496204003.602539,2059359561292.877686
739572.794505,2200417386263.539062,380695048313.564697
739581.789020,6762395455761.219727,159315111811.537506
739583.585538,4738270956880.349609,925744881691.158447
739588.701487,70323690732223.148438,17292710714105.769531
739591.352913,4065278466158.812500,931691013353.385620
739598.944818,6762388698822.196289,1305900585406.019043
739605.597678,2051678562968050.000000,21064461632115.500000
739614.829397,5371496204003.602539,8037150922158.570312
739625.658282,8460906097881.012695,635044241691.621460
739654.023481,3389106838254.521484,1515248993746.072754
739656.005833,5371509042187.747070,236370034912.099792
739664.610709,7509827538360.834961,1938020025853.851318
739667.617560,4266681994472.815918,1954205493651.674316
739668.947863,2138336064214.552490,304100883043.818542
739672.106696,3389113595193.549805,303095566612.589233
739695.452007,1698528885855.164307,60908279243.595657
739696.649123,3389107513948.424316,4621509892327.661133
739696.925248,1349167497095.343506,219436297720.965057
739701.880196,13493204694456.080078,886350214690.417969
739724.511240,10151494185688.912109,1612628138601.916748
739724.832277,59092607623613.031250,43935023328864.476562
739730.047139,5527448983714.190430,89823665824.686844
739731.781353,1698526183079.552979,75736899125.054260
739734.098113,6405026842708.093750,345812659096.829285
739740.345727,61600006087391.984375,2855156710624.168457
739743.240010,34878988133002.949219,4349001053097.391602
739749.893921,13884938021923.410156,616423442151.725952
739751.702976,1698529561549.067139,28324561903.817650
739762.038396,213882383435942.375000,28818645875211.046875
739777.284892,4266684021554.524414,118926433749.746078
739779.525705,6762392752985.610352,193358542267.838501
739789.911315,631467493323749.250000,16618294487791.312500
739813.751791,1698519426140.524658,1351606976749.337891
739829.839047,6762390725903.903320,2078603701483.005127
739833.903684,14418191045427.576172,368484671293.621460
739843.213637,101390689936322.359375,21337921412286.941406
739855.668037,77808025910140.765625,1117476495315.321045
739859.735723,1698521453222.233154,1037793150499.991577
739867.692277,4830364010066.772461,254162799748.018036
739870.832538,75465714106662.578125,1261089777660.789307
739877.758385,14842367461694.105469,1383903726322.413818
739878.568630,3389106838254.521484,276511300171.273621
739879.360912,2698334318496.784180,216646673470.729919
739891.683697,2138335388520.649658,212946262859.386627
739897.826552,7432632.930158,775444.228540
739898.398354,0.000000,0.000000
